// Jest Snapshot v1, https://goo.gl/fbAQLP

exports[`should find the shortest path from A 1`] = `
Map {
  "A" => Array [
    "A",
    0,
  ],
  "B" => Array [
    "A",
    1,
  ],
  "C" => Array [
    "B",
    3,
  ],
  "D" => Array [
    "C",
    5,
  ],
}
`;
