// Jest Snapshot v1, https://goo.gl/fbAQLP

exports[`should find the shortest among the multiple edges that point to the same node 1`] = `
Map {
  "A" => Array [
    "A",
    0,
  ],
  "B" => Array [
    "A",
    2,
  ],
}
`;
